2025-09-07T08:49:16.753 application=api [debug] Current API rate limit by key nil reqs/sec
2025-09-07T08:49:16.754 application=api [debug] Current API rate limit by IP nil reqs/sec
2025-09-07T08:52:36.201 application=api [debug] Current API rate limit by key nil reqs/sec
2025-09-07T08:52:36.201 application=api [debug] Current API rate limit by IP nil reqs/sec
2025-09-07T09:09:31.469 application=api [debug] Current API rate limit by key nil reqs/sec
2025-09-07T09:09:31.469 application=api [debug] Current API rate limit by IP nil reqs/sec
2025-09-07T09:16:10.076 application=api [debug] Current API rate limit by key nil reqs/sec
2025-09-07T09:16:10.076 application=api [debug] Current API rate limit by IP nil reqs/sec
2025-09-07T09:35:56.075 application=api [debug] Current API rate limit by key nil reqs/sec
2025-09-07T09:35:56.075 application=api [debug] Current API rate limit by IP nil reqs/sec
2025-09-07T09:38:51.221 application=api [debug] Current API rate limit by key nil reqs/sec
2025-09-07T09:38:51.221 application=api [debug] Current API rate limit by IP nil reqs/sec
2025-09-08T11:17:52.833 application=api [debug] Current API rate limit by key nil reqs/sec
2025-09-08T11:17:52.833 application=api [debug] Current API rate limit by IP nil reqs/sec
2025-09-08T11:19:39.364 application=api [debug] Current API rate limit by key nil reqs/sec
2025-09-08T11:19:39.370 application=api [debug] Current API rate limit by IP nil reqs/sec
2025-09-08T11:21:52.270 application=api [debug] Current API rate limit by key nil reqs/sec
2025-09-08T11:21:52.270 application=api [debug] Current API rate limit by IP nil reqs/sec
2025-09-08T11:59:54.980 application=api request_id=GGNM3cTzz_6_s40AAjKD [info] Sent 400 in 144µs on GET /api/v1/pages/main?
2025-09-08T11:59:56.117 application=api request_id=GGNM3gizwxoCELgAApLB [info] Sent 400 in 188µs on GET /api/v1/pages/main?
2025-09-08T11:59:58.342 application=api request_id=GGNM3o1DXZdmLe4AApQB [info] Sent 400 in 224µs on GET /api/v1/pages/main?
2025-09-08T12:00:49.332 application=api request_id=GGNM6myI8WXIpbgAAj2D [info] Sent 400 in 167µs on GET /api/v1/pages/main?
2025-09-08T12:00:50.485 application=api request_id=GGNM6rE-PuOvbxAAAqQB [info] Sent 400 in 160µs on GET /api/v1/pages/main?
2025-09-08T12:00:52.780 application=api request_id=GGNM6zoQtsW0ijYAAqSh [info] Sent 400 in 235µs on GET /api/v1/pages/main?
2025-09-08T12:01:07.338 application=api request_id=GGNM7p3PHjS2MlYAAqkB [info] Sent 400 in 103µs on GET /api/v1/pages/main?
2025-09-08T12:01:08.477 application=api request_id=GGNM7uGyBL2QXBsAAkDC [info] Sent 400 in 75µs on GET /api/v1/pages/main?
2025-09-08T12:01:10.618 application=api request_id=GGNM72FIV8HkfFUAAqoh [info] Sent 400 in 95µs on GET /api/v1/pages/main?
2025-09-08T12:09:31.904 application=api request_id=GGNNZB86LNc0C9sAAzkh [info] Sent 400 in 308µs on GET /api/v1/pages/main?
2025-09-08T12:09:33.132 application=api request_id=GGNNZGhoGCVcxG0AAggF [info] Sent 400 in 116µs on GET /api/v1/pages/main?
2025-09-08T12:09:35.230 application=api request_id=GGNNZOV4TopiaPIAAgjF [info] Sent 400 in 119µs on GET /api/v1/pages/main?
2025-09-08T12:10:18.588 application=api request_id=GGNNbvbzcMYGKQMAAoHk [info] Sent 400 in 124µs on GET /api/v1/pages/main?
2025-09-08T12:10:19.715 application=api request_id=GGNNbzoL7udom9wAAhQl [info] Sent 400 in 128µs on GET /api/v1/pages/main?
2025-09-08T12:10:21.915 application=api request_id=GGNNb70837MWRB8AAhTF [info] Sent 400 in 171µs on GET /api/v1/pages/main?
2025-09-08T12:10:40.568 application=api request_id=GGNNdBUCBy7OHkYAA0yB [info] Sent 400 in 193µs on GET /api/v1/pages/main?
2025-09-08T12:10:41.751 application=api request_id=GGNNdFt9UgfyQzYAAhnF [info] Sent 400 in 358µs on GET /api/v1/pages/main?
2025-09-08T12:10:43.859 application=api request_id=GGNNdNlHmGwwuewAA03h [info] Sent 400 in 476µs on GET /api/v1/pages/main?
2025-09-08T12:29:52.261 application=api request_id=GGNOgDs8XoGylhoAA3nk [info] Sent 400 in 113µs on GET /api/v1/pages/main?
2025-09-08T12:29:53.514 application=api request_id=GGNOgIXph6wl9hgABLeB [info] Sent 400 in 87µs on GET /api/v1/pages/main?
2025-09-08T12:29:55.607 application=api request_id=GGNOgQKi_MJwOTYABLgh [info] Sent 400 in 100µs on GET /api/v1/pages/main?
2025-09-08T15:08:12.236 application=api request_id=GGNXJB3e0i6GcQwACd6l [info] Sent 400 in 112µs on GET /api/v1/pages/main?
2025-09-08T15:08:13.556 application=api request_id=GGNXJGyEXA5rfzIACd8F [info] Sent 400 in 170µs on GET /api/v1/pages/main?
2025-09-08T15:08:15.668 application=api request_id=GGNXJOpj1Dqx0Z0ADF9i [info] Sent 400 in 86µs on GET /api/v1/pages/main?
2025-09-08T17:39:55.022 application=api request_id=GGNfa4YvIaEjyI0AFF0i [info] Sent 400 in 263µs on GET /api/v1/pages/main?
2025-09-08T17:39:56.564 application=api request_id=GGNfa-Ib3gHy_OcABUoH [info] Sent 400 in 62µs on GET /api/v1/pages/main?
2025-09-08T17:39:58.764 application=api request_id=GGNfbGUzptw9A9EAFF2C [info] Sent 400 in 122µs on GET /api/v1/pages/main?
2025-09-08T17:40:09.703 application=api request_id=GGNfbvE_7UxEm0EAFGEi [info] Sent 400 in 122µs on GET /api/v1/pages/main?
2025-09-08T17:40:11.072 application=api request_id=GGNfb0LXhUIukQMAFGIC [info] Sent 400 in 73µs on GET /api/v1/pages/main?
2025-09-08T17:40:13.183 application=api request_id=GGNfb8Cf5Sk6KB4AGMPh [info] Sent 400 in 176µs on GET /api/v1/pages/main?
2025-09-08T17:40:29.713 application=api request_id=GGNfc5n9dkbNF4AAFGlC [info] Sent 400 in 138µs on GET /api/v1/pages/main?
2025-09-08T17:40:30.946 application=api request_id=GGNfc-NuuaaUxe8AE6ED [info] Sent 400 in 568µs on GET /api/v1/pages/main?
2025-09-08T17:40:33.063 application=api request_id=GGNfdGGsnoO86c8AFGmC [info] Sent 400 in 268µs on GET /api/v1/pages/main?
2025-09-08T17:40:53.784 application=api request_id=GGNfeTSxrX4dO2IAFHEi [info] Sent 400 in 63µs on GET /api/v1/pages/main?
2025-09-08T17:40:55.130 application=api request_id=GGNfeYTijMXM49AAFHIi [info] Sent 400 in 160µs on GET /api/v1/pages/main?
2025-09-08T17:40:57.223 application=api request_id=GGNfegGgEt9qHncAFHJC [info] Sent 400 in 100µs on GET /api/v1/pages/main?
