2025-09-07T08:49:16.746 application=explorer [info] tx/per day chart: collect records for transactions per day stats
2025-09-07T08:49:16.746 application=explorer [info] tx/per day chart: earliest date 2025-08-29 00:00:00Z
2025-09-07T08:49:16.746 application=explorer [info] tx/per day chart: latest date 2025-08-29 23:59:59Z
2025-09-07T08:49:16.875 application=explorer [info] tx/per day chart: timestamp cannot be converted to min/max blocks, trying to find min/max blocks through a fallback option}
2025-09-07T08:49:16.961 application=explorer [warning] tx/per day chart: failed to get min/max blocks through a fallback option}
2025-09-07T08:49:16.961 application=explorer [info] tx/per day chart: collect records for transactions per day stats
2025-09-07T08:49:16.961 application=explorer [info] tx/per day chart: earliest date 2025-08-30 00:00:00Z
2025-09-07T08:49:16.961 application=explorer [info] tx/per day chart: latest date 2025-08-30 23:59:59Z
2025-09-07T08:49:16.995 application=explorer [info] tx/per day chart: timestamp cannot be converted to min/max blocks, trying to find min/max blocks through a fallback option}
2025-09-07T08:49:17.011 application=explorer [warning] tx/per day chart: failed to get min/max blocks through a fallback option}
2025-09-07T08:49:17.011 application=explorer [info] tx/per day chart: collect records for transactions per day stats
2025-09-07T08:49:17.011 application=explorer [info] tx/per day chart: earliest date 2025-08-31 00:00:00Z
2025-09-07T08:49:17.011 application=explorer [info] tx/per day chart: latest date 2025-08-31 23:59:59Z
2025-09-07T08:49:17.024 application=explorer [info] SanitizeIncorrectNFTTokenTransfers `delete_erc_721` step is finished
2025-09-07T08:49:17.025 application=explorer [info] SanitizeIncorrectWETHTokenTransfers deletion of duplicates finished, continuing with deletion of not whitelisted weth transfers
2025-09-07T08:49:17.027 application=explorer [info] tx/per day chart: timestamp cannot be converted to min/max blocks, trying to find min/max blocks through a fallback option}
2025-09-07T08:49:17.035 application=explorer [warning] tx/per day chart: failed to get min/max blocks through a fallback option}
2025-09-07T08:49:17.035 application=explorer [info] tx/per day chart: collect records for transactions per day stats
2025-09-07T08:49:17.035 application=explorer [info] tx/per day chart: earliest date 2025-09-01 00:00:00Z
2025-09-07T08:49:17.035 application=explorer [info] tx/per day chart: latest date 2025-09-01 23:59:59Z
2025-09-07T08:49:17.043 application=explorer [info] tx/per day chart: timestamp cannot be converted to min/max blocks, trying to find min/max blocks through a fallback option}
2025-09-07T08:49:17.045 application=explorer [info] SanitizeIncorrectNFTTokenTransfers `delete_erc_1155` step is finished
2025-09-07T08:49:17.049 application=explorer [warning] tx/per day chart: failed to get min/max blocks through a fallback option}
2025-09-07T08:49:17.049 application=explorer [info] tx/per day chart: collect records for transactions per day stats
2025-09-07T08:49:17.049 application=explorer [info] tx/per day chart: earliest date 2025-09-02 00:00:00Z
2025-09-07T08:49:17.049 application=explorer [info] tx/per day chart: latest date 2025-09-02 23:59:59Z
2025-09-07T08:49:17.058 application=explorer [info] tx/per day chart: timestamp cannot be converted to min/max blocks, trying to find min/max blocks through a fallback option}
2025-09-07T08:49:17.058 application=explorer [info] SanitizeIncorrectNFTTokenTransfers migration finished
2025-09-07T08:49:17.062 application=explorer [warning] tx/per day chart: failed to get min/max blocks through a fallback option}
2025-09-07T08:49:17.062 application=explorer [info] tx/per day chart: collect records for transactions per day stats
2025-09-07T08:49:17.062 application=explorer [info] tx/per day chart: earliest date 2025-09-03 00:00:00Z
2025-09-07T08:49:17.063 application=explorer [info] tx/per day chart: latest date 2025-09-03 23:59:59Z
2025-09-07T08:49:17.064 application=explorer [info] tx/per day chart: timestamp cannot be converted to min/max blocks, trying to find min/max blocks through a fallback option}
2025-09-07T08:49:17.069 application=explorer [warning] tx/per day chart: failed to get min/max blocks through a fallback option}
2025-09-07T08:49:17.069 application=explorer [info] tx/per day chart: collect records for transactions per day stats
2025-09-07T08:49:17.069 application=explorer [info] tx/per day chart: earliest date 2025-09-04 00:00:00Z
2025-09-07T08:49:17.069 application=explorer [info] tx/per day chart: latest date 2025-09-04 23:59:59Z
2025-09-07T08:49:17.075 application=explorer [info] tx/per day chart: timestamp cannot be converted to min/max blocks, trying to find min/max blocks through a fallback option}
2025-09-07T08:49:17.078 application=explorer [warning] tx/per day chart: failed to get min/max blocks through a fallback option}
2025-09-07T08:49:17.078 application=explorer [info] tx/per day chart: collect records for transactions per day stats
2025-09-07T08:49:17.078 application=explorer [info] tx/per day chart: earliest date 2025-09-05 00:00:00Z
2025-09-07T08:49:17.078 application=explorer [info] tx/per day chart: latest date 2025-09-05 23:59:59Z
2025-09-07T08:49:17.084 application=explorer [info] tx/per day chart: timestamp cannot be converted to min/max blocks, trying to find min/max blocks through a fallback option}
2025-09-07T08:49:17.088 application=explorer [warning] tx/per day chart: failed to get min/max blocks through a fallback option}
2025-09-07T08:49:17.088 application=explorer [info] tx/per day chart: collect records for transactions per day stats
2025-09-07T08:49:17.088 application=explorer [info] tx/per day chart: earliest date 2025-09-06 00:00:00Z
2025-09-07T08:49:17.088 application=explorer [info] tx/per day chart: latest date 2025-09-06 23:59:59Z
2025-09-07T08:49:17.093 application=explorer [info] tx/per day chart: timestamp cannot be converted to min/max blocks, trying to find min/max blocks through a fallback option}
2025-09-07T08:49:17.096 application=explorer [warning] tx/per day chart: failed to get min/max blocks through a fallback option}
2025-09-07T08:49:17.096 application=explorer [info] tx/per day chart: collect records for transactions per day stats
2025-09-07T08:49:17.096 application=explorer [info] tx/per day chart: records collected [%{date: ~D[2025-09-06], gas_used: 0, number_of_transactions: 0, total_fee: 0}, %{date: ~D[2025-09-05], gas_used: 0, number_of_transactions: 0, total_fee: 0}, %{date: ~D[2025-09-04], gas_used: 0, number_of_transactions: 0, total_fee: 0}, %{date: ~D[2025-09-03], gas_used: 0, number_of_transactions: 0, total_fee: 0}, %{date: ~D[2025-09-02], gas_used: 0, number_of_transactions: 0, total_fee: 0}, %{date: ~D[2025-09-01], gas_used: 0, number_of_transactions: 0, total_fee: 0}, %{date: ~D[2025-08-31], gas_used: 0, number_of_transactions: 0, total_fee: 0}, %{date: ~D[2025-08-30], gas_used: 0, number_of_transactions: 0, total_fee: 0}, %{date: ~D[2025-08-29], gas_used: 0, number_of_transactions: 0, total_fee: 0}]
2025-09-07T08:49:17.096 application=explorer [info] tx/per day chart: save records
2025-09-07T08:49:17.099 application=explorer [info] tx/per day chart: number of inserted 10
2025-09-07T08:49:18.022 application=explorer [error] Failed to drop DB index 'logs_block_number_ASC__index_ASC_index': %Postgrex.Error{message: nil, postgres: %{code: :deadlock_detected, line: "1130", message: "deadlock detected", file: "deadlock.c", unknown: "ERROR", severity: "ERROR", hint: "See server log for query details.", detail: "Process 81 waits for ShareUpdateExclusiveLock on relation 16564 of database 16384; blocked by process 66.\nProcess 66 waits for ShareLock on virtual transaction 45/7; blocked by process 81.", pg_code: "40P01", routine: "DeadLockReport"}, connection_id: 81, query: nil}
2025-09-07T08:49:31.747 application=explorer [info] Fetching chain spec path: nil.
2025-09-07T08:49:31.747 application=explorer [info] Fetching precompiled config path: nil.
2025-09-07T08:49:31.747 application=explorer [warning] Genesis data is not fetched. Neither chain spec path or precompiles config path are set.
2025-09-07T08:52:36.194 application=explorer [info] tx/per day chart: collect records for transactions per day stats
2025-09-07T08:52:36.194 application=explorer [info] tx/per day chart: earliest date 2025-08-29 00:00:00Z
2025-09-07T08:52:36.194 application=explorer [info] tx/per day chart: latest date 2025-08-29 23:59:59Z
2025-09-07T08:52:36.314 application=explorer [info] tx/per day chart: min/max block numbers [1, 0]
2025-09-07T08:52:36.326 application=explorer [info] tx/per day chart: num of transactions 0
2025-09-07T08:52:36.334 application=explorer [info] tx/per day chart: total gas used 
2025-09-07T08:52:36.346 application=explorer [info] tx/per day chart: total fee 
2025-09-07T08:52:36.346 application=explorer [info] tx/per day chart: collect records for transactions per day stats
2025-09-07T08:52:36.346 application=explorer [info] tx/per day chart: earliest date 2025-08-30 00:00:00Z
2025-09-07T08:52:36.346 application=explorer [info] tx/per day chart: latest date 2025-08-30 23:59:59Z
2025-09-07T08:52:36.377 application=explorer [info] tx/per day chart: min/max block numbers [1, 0]
2025-09-07T08:52:36.396 application=explorer [info] tx/per day chart: num of transactions 0
2025-09-07T08:52:36.399 application=explorer [info] tx/per day chart: total gas used 
2025-09-07T08:52:36.403 application=explorer [info] tx/per day chart: total fee 
2025-09-07T08:52:36.403 application=explorer [info] tx/per day chart: collect records for transactions per day stats
2025-09-07T08:52:36.403 application=explorer [info] tx/per day chart: earliest date 2025-08-31 00:00:00Z
2025-09-07T08:52:36.403 application=explorer [info] tx/per day chart: latest date 2025-08-31 23:59:59Z
2025-09-07T08:52:36.412 application=explorer [info] tx/per day chart: min/max block numbers [1, 0]
2025-09-07T08:52:36.416 application=explorer [info] tx/per day chart: num of transactions 0
2025-09-07T08:52:36.419 application=explorer [info] tx/per day chart: total gas used 
2025-09-07T08:52:36.424 application=explorer [info] tx/per day chart: total fee 
2025-09-07T08:52:36.424 application=explorer [info] tx/per day chart: collect records for transactions per day stats
2025-09-07T08:52:36.424 application=explorer [info] tx/per day chart: earliest date 2025-09-01 00:00:00Z
2025-09-07T08:52:36.424 application=explorer [info] tx/per day chart: latest date 2025-09-01 23:59:59Z
2025-09-07T08:52:36.432 application=explorer [info] tx/per day chart: min/max block numbers [1, 0]
2025-09-07T08:52:36.436 application=explorer [info] tx/per day chart: num of transactions 0
2025-09-07T08:52:36.439 application=explorer [info] tx/per day chart: total gas used 
2025-09-07T08:52:36.443 application=explorer [info] tx/per day chart: total fee 
2025-09-07T08:52:36.443 application=explorer [info] tx/per day chart: collect records for transactions per day stats
2025-09-07T08:52:36.443 application=explorer [info] tx/per day chart: earliest date 2025-09-02 00:00:00Z
2025-09-07T08:52:36.443 application=explorer [info] tx/per day chart: latest date 2025-09-02 23:59:59Z
2025-09-07T08:52:36.452 application=explorer [info] tx/per day chart: min/max block numbers [1, 0]
2025-09-07T08:52:36.455 application=explorer [info] tx/per day chart: num of transactions 0
2025-09-07T08:52:36.459 application=explorer [info] tx/per day chart: total gas used 
2025-09-07T08:52:36.462 application=explorer [info] tx/per day chart: total fee 
2025-09-07T08:52:36.462 application=explorer [info] tx/per day chart: collect records for transactions per day stats
2025-09-07T08:52:36.462 application=explorer [info] tx/per day chart: earliest date 2025-09-03 00:00:00Z
2025-09-07T08:52:36.462 application=explorer [info] tx/per day chart: latest date 2025-09-03 23:59:59Z
2025-09-07T08:52:36.470 application=explorer [info] tx/per day chart: min/max block numbers [1, 0]
2025-09-07T08:52:36.474 application=explorer [info] tx/per day chart: num of transactions 0
2025-09-07T08:52:36.477 application=explorer [info] tx/per day chart: total gas used 
2025-09-07T08:52:36.477 application=explorer [info] tx/per day chart: total fee 
2025-09-07T08:52:36.477 application=explorer [info] tx/per day chart: collect records for transactions per day stats
2025-09-07T08:52:36.477 application=explorer [info] tx/per day chart: earliest date 2025-09-04 00:00:00Z
2025-09-07T08:52:36.477 application=explorer [info] tx/per day chart: latest date 2025-09-04 23:59:59Z
2025-09-07T08:52:36.483 application=explorer [info] tx/per day chart: min/max block numbers [1, 0]
2025-09-07T08:52:36.486 application=explorer [info] tx/per day chart: num of transactions 0
2025-09-07T08:52:36.490 application=explorer [info] tx/per day chart: total gas used 
2025-09-07T08:52:36.493 application=explorer [info] tx/per day chart: total fee 
2025-09-07T08:52:36.493 application=explorer [info] tx/per day chart: collect records for transactions per day stats
2025-09-07T08:52:36.493 application=explorer [info] tx/per day chart: earliest date 2025-09-05 00:00:00Z
2025-09-07T08:52:36.494 application=explorer [info] tx/per day chart: latest date 2025-09-05 23:59:59Z
2025-09-07T08:52:36.500 application=explorer [info] tx/per day chart: min/max block numbers [1, 0]
2025-09-07T08:52:36.501 application=explorer [info] tx/per day chart: num of transactions 0
2025-09-07T08:52:36.504 application=explorer [info] tx/per day chart: total gas used 
2025-09-07T08:52:36.509 application=explorer [info] tx/per day chart: total fee 
2025-09-07T08:52:36.509 application=explorer [info] tx/per day chart: collect records for transactions per day stats
2025-09-07T08:52:36.509 application=explorer [info] tx/per day chart: earliest date 2025-09-06 00:00:00Z
2025-09-07T08:52:36.509 application=explorer [info] tx/per day chart: latest date 2025-09-06 23:59:59Z
2025-09-07T08:52:36.516 application=explorer [info] tx/per day chart: min/max block numbers [1, 0]
2025-09-07T08:52:36.519 application=explorer [info] tx/per day chart: num of transactions 0
2025-09-07T08:52:36.522 application=explorer [info] tx/per day chart: total gas used 
2025-09-07T08:52:36.525 application=explorer [info] tx/per day chart: total fee 
2025-09-07T08:52:36.525 application=explorer [info] tx/per day chart: collect records for transactions per day stats
2025-09-07T08:52:36.525 application=explorer [info] tx/per day chart: records collected [%{date: ~D[2025-09-06], gas_used: nil, number_of_transactions: 0, total_fee: nil}, %{date: ~D[2025-09-05], gas_used: nil, number_of_transactions: 0, total_fee: nil}, %{date: ~D[2025-09-04], gas_used: nil, number_of_transactions: 0, total_fee: nil}, %{date: ~D[2025-09-03], gas_used: nil, number_of_transactions: 0, total_fee: nil}, %{date: ~D[2025-09-02], gas_used: nil, number_of_transactions: 0, total_fee: nil}, %{date: ~D[2025-09-01], gas_used: nil, number_of_transactions: 0, total_fee: nil}, %{date: ~D[2025-08-31], gas_used: nil, number_of_transactions: 0, total_fee: nil}, %{date: ~D[2025-08-30], gas_used: nil, number_of_transactions: 0, total_fee: nil}, %{date: ~D[2025-08-29], gas_used: nil, number_of_transactions: 0, total_fee: nil}]
2025-09-07T08:52:36.525 application=explorer [info] tx/per day chart: save records
2025-09-07T08:52:36.529 application=explorer [info] tx/per day chart: number of inserted 10
2025-09-07T08:52:51.191 application=explorer [info] Fetching chain spec path: nil.
2025-09-07T08:52:51.191 application=explorer [info] Fetching precompiled config path: nil.
2025-09-07T08:52:51.191 application=explorer [warning] Genesis data is not fetched. Neither chain spec path or precompiles config path are set.
2025-09-07T09:02:37.339 application=explorer [error] Failed to run create DB index query: %Postgrex.Error{message: nil, postgres: %{code: :deadlock_detected, line: "1130", message: "deadlock detected", file: "deadlock.c", unknown: "ERROR", severity: "ERROR", hint: "See server log for query details.", detail: "Process 39 waits for ShareUpdateExclusiveLock on relation 16592 of database 16384; blocked by process 105.\nProcess 105 waits for ShareLock on virtual transaction 40/77; blocked by process 39.", pg_code: "40P01", routine: "DeadLockReport"}, connection_id: 39, query: nil}
2025-09-07T09:09:31.466 application=explorer [info] tx/per day chart: collect records for transactions per day stats
2025-09-07T09:09:31.466 application=explorer [info] tx/per day chart: earliest date 2025-08-29 00:00:00Z
2025-09-07T09:09:31.466 application=explorer [info] tx/per day chart: latest date 2025-08-29 23:59:59Z
2025-09-07T09:09:31.782 application=explorer [info] tx/per day chart: min/max block numbers [1, 0]
2025-09-07T09:09:31.798 application=explorer [info] tx/per day chart: num of transactions 0
2025-09-07T09:09:31.839 application=explorer [info] tx/per day chart: total gas used 
2025-09-07T09:09:31.846 application=explorer [info] tx/per day chart: total fee 
2025-09-07T09:09:31.846 application=explorer [info] tx/per day chart: collect records for transactions per day stats
2025-09-07T09:09:31.846 application=explorer [info] tx/per day chart: earliest date 2025-08-30 00:00:00Z
2025-09-07T09:09:31.846 application=explorer [info] tx/per day chart: latest date 2025-08-30 23:59:59Z
2025-09-07T09:09:31.859 application=explorer [info] tx/per day chart: min/max block numbers [1, 0]
2025-09-07T09:09:31.863 application=explorer [info] tx/per day chart: num of transactions 0
2025-09-07T09:09:31.866 application=explorer [info] tx/per day chart: total gas used 
2025-09-07T09:09:31.869 application=explorer [info] tx/per day chart: total fee 
2025-09-07T09:09:31.869 application=explorer [info] tx/per day chart: collect records for transactions per day stats
2025-09-07T09:09:31.869 application=explorer [info] tx/per day chart: earliest date 2025-08-31 00:00:00Z
2025-09-07T09:09:31.869 application=explorer [info] tx/per day chart: latest date 2025-08-31 23:59:59Z
2025-09-07T09:09:31.878 application=explorer [info] tx/per day chart: min/max block numbers [1, 0]
2025-09-07T09:09:31.881 application=explorer [info] tx/per day chart: num of transactions 0
2025-09-07T09:09:31.884 application=explorer [info] tx/per day chart: total gas used 
2025-09-07T09:09:31.887 application=explorer [info] tx/per day chart: total fee 
2025-09-07T09:09:31.887 application=explorer [info] tx/per day chart: collect records for transactions per day stats
2025-09-07T09:09:31.888 application=explorer [info] tx/per day chart: earliest date 2025-09-01 00:00:00Z
2025-09-07T09:09:31.888 application=explorer [info] tx/per day chart: latest date 2025-09-01 23:59:59Z
2025-09-07T09:09:31.898 application=explorer [info] tx/per day chart: min/max block numbers [1, 0]
2025-09-07T09:09:31.900 application=explorer [info] tx/per day chart: num of transactions 0
2025-09-07T09:09:31.904 application=explorer [info] tx/per day chart: total gas used 
2025-09-07T09:09:31.908 application=explorer [info] tx/per day chart: total fee 
2025-09-07T09:09:31.908 application=explorer [info] tx/per day chart: collect records for transactions per day stats
2025-09-07T09:09:31.908 application=explorer [info] tx/per day chart: earliest date 2025-09-02 00:00:00Z
2025-09-07T09:09:31.908 application=explorer [info] tx/per day chart: latest date 2025-09-02 23:59:59Z
2025-09-07T09:09:31.915 application=explorer [info] tx/per day chart: min/max block numbers [1, 0]
2025-09-07T09:09:31.919 application=explorer [info] tx/per day chart: num of transactions 0
2025-09-07T09:09:31.923 application=explorer [info] tx/per day chart: total gas used 
2025-09-07T09:09:31.930 application=explorer [info] tx/per day chart: total fee 
2025-09-07T09:09:31.930 application=explorer [info] tx/per day chart: collect records for transactions per day stats
2025-09-07T09:09:31.930 application=explorer [info] tx/per day chart: earliest date 2025-09-03 00:00:00Z
2025-09-07T09:09:31.930 application=explorer [info] tx/per day chart: latest date 2025-09-03 23:59:59Z
2025-09-07T09:09:31.941 application=explorer [info] tx/per day chart: min/max block numbers [1, 0]
2025-09-07T09:09:31.947 application=explorer [info] tx/per day chart: num of transactions 0
2025-09-07T09:09:31.951 application=explorer [info] tx/per day chart: total gas used 
2025-09-07T09:09:31.954 application=explorer [info] tx/per day chart: total fee 
2025-09-07T09:09:31.954 application=explorer [info] tx/per day chart: collect records for transactions per day stats
2025-09-07T09:09:31.954 application=explorer [info] tx/per day chart: earliest date 2025-09-04 00:00:00Z
2025-09-07T09:09:31.954 application=explorer [info] tx/per day chart: latest date 2025-09-04 23:59:59Z
2025-09-07T09:09:31.964 application=explorer [info] tx/per day chart: min/max block numbers [1, 0]
2025-09-07T09:09:31.968 application=explorer [info] tx/per day chart: num of transactions 0
2025-09-07T09:09:31.971 application=explorer [info] tx/per day chart: total gas used 
2025-09-07T09:09:31.976 application=explorer [info] tx/per day chart: total fee 
2025-09-07T09:09:31.976 application=explorer [info] tx/per day chart: collect records for transactions per day stats
2025-09-07T09:09:31.976 application=explorer [info] tx/per day chart: earliest date 2025-09-05 00:00:00Z
2025-09-07T09:09:31.976 application=explorer [info] tx/per day chart: latest date 2025-09-05 23:59:59Z
2025-09-07T09:09:31.985 application=explorer [info] tx/per day chart: min/max block numbers [1, 0]
2025-09-07T09:09:31.988 application=explorer [info] tx/per day chart: num of transactions 0
2025-09-07T09:09:31.989 application=explorer [info] tx/per day chart: total gas used 
2025-09-07T09:09:31.991 application=explorer [info] tx/per day chart: total fee 
2025-09-07T09:09:31.991 application=explorer [info] tx/per day chart: collect records for transactions per day stats
2025-09-07T09:09:31.991 application=explorer [info] tx/per day chart: earliest date 2025-09-06 00:00:00Z
2025-09-07T09:09:31.992 application=explorer [info] tx/per day chart: latest date 2025-09-06 23:59:59Z
2025-09-07T09:09:32.002 application=explorer [info] tx/per day chart: min/max block numbers [1, 0]
2025-09-07T09:09:32.010 application=explorer [info] tx/per day chart: num of transactions 0
2025-09-07T09:09:32.014 application=explorer [info] tx/per day chart: total gas used 
2025-09-07T09:09:32.018 application=explorer [info] tx/per day chart: total fee 
2025-09-07T09:09:32.018 application=explorer [info] tx/per day chart: collect records for transactions per day stats
2025-09-07T09:09:32.018 application=explorer [info] tx/per day chart: records collected [%{date: ~D[2025-09-06], gas_used: nil, number_of_transactions: 0, total_fee: nil}, %{date: ~D[2025-09-05], gas_used: nil, number_of_transactions: 0, total_fee: nil}, %{date: ~D[2025-09-04], gas_used: nil, number_of_transactions: 0, total_fee: nil}, %{date: ~D[2025-09-03], gas_used: nil, number_of_transactions: 0, total_fee: nil}, %{date: ~D[2025-09-02], gas_used: nil, number_of_transactions: 0, total_fee: nil}, %{date: ~D[2025-09-01], gas_used: nil, number_of_transactions: 0, total_fee: nil}, %{date: ~D[2025-08-31], gas_used: nil, number_of_transactions: 0, total_fee: nil}, %{date: ~D[2025-08-30], gas_used: nil, number_of_transactions: 0, total_fee: nil}, %{date: ~D[2025-08-29], gas_used: nil, number_of_transactions: 0, total_fee: nil}]
2025-09-07T09:09:32.018 application=explorer [info] tx/per day chart: save records
2025-09-07T09:09:32.021 application=explorer [info] tx/per day chart: number of inserted 10
2025-09-07T09:09:46.459 application=explorer [info] Fetching chain spec path: nil.
2025-09-07T09:09:46.459 application=explorer [info] Fetching precompiled config path: nil.
2025-09-07T09:09:46.459 application=explorer [warning] Genesis data is not fetched. Neither chain spec path or precompiles config path are set.
2025-09-07T09:16:10.074 application=explorer [info] tx/per day chart: collect records for transactions per day stats
2025-09-07T09:16:10.074 application=explorer [info] tx/per day chart: earliest date 2025-08-29 00:00:00Z
2025-09-07T09:16:10.074 application=explorer [info] tx/per day chart: latest date 2025-08-29 23:59:59Z
2025-09-07T09:16:10.467 application=explorer [info] tx/per day chart: min/max block numbers [1, 0]
2025-09-07T09:16:10.506 application=explorer [info] tx/per day chart: num of transactions 0
2025-09-07T09:16:10.517 application=explorer [info] tx/per day chart: total gas used 
2025-09-07T09:16:10.527 application=explorer [info] tx/per day chart: total fee 
2025-09-07T09:16:10.527 application=explorer [info] tx/per day chart: collect records for transactions per day stats
2025-09-07T09:16:10.527 application=explorer [info] tx/per day chart: earliest date 2025-08-30 00:00:00Z
2025-09-07T09:16:10.527 application=explorer [info] tx/per day chart: latest date 2025-08-30 23:59:59Z
2025-09-07T09:16:10.541 application=explorer [info] tx/per day chart: min/max block numbers [1, 0]
2025-09-07T09:16:10.547 application=explorer [info] tx/per day chart: num of transactions 0
2025-09-07T09:16:10.554 application=explorer [info] tx/per day chart: total gas used 
2025-09-07T09:16:10.559 application=explorer [info] tx/per day chart: total fee 
2025-09-07T09:16:10.559 application=explorer [info] tx/per day chart: collect records for transactions per day stats
2025-09-07T09:16:10.559 application=explorer [info] tx/per day chart: earliest date 2025-08-31 00:00:00Z
2025-09-07T09:16:10.559 application=explorer [info] tx/per day chart: latest date 2025-08-31 23:59:59Z
2025-09-07T09:16:10.566 application=explorer [info] tx/per day chart: min/max block numbers [1, 0]
2025-09-07T09:16:10.568 application=explorer [info] tx/per day chart: num of transactions 0
2025-09-07T09:16:10.573 application=explorer [info] tx/per day chart: total gas used 
2025-09-07T09:16:10.575 application=explorer [info] tx/per day chart: total fee 
2025-09-07T09:16:10.575 application=explorer [info] tx/per day chart: collect records for transactions per day stats
2025-09-07T09:16:10.575 application=explorer [info] tx/per day chart: earliest date 2025-09-01 00:00:00Z
2025-09-07T09:16:10.575 application=explorer [info] tx/per day chart: latest date 2025-09-01 23:59:59Z
2025-09-07T09:16:10.581 application=explorer [info] tx/per day chart: min/max block numbers [1, 0]
2025-09-07T09:16:10.583 application=explorer [info] tx/per day chart: num of transactions 0
2025-09-07T09:16:10.586 application=explorer [info] tx/per day chart: total gas used 
2025-09-07T09:16:10.590 application=explorer [info] tx/per day chart: total fee 
2025-09-07T09:16:10.590 application=explorer [info] tx/per day chart: collect records for transactions per day stats
2025-09-07T09:16:10.590 application=explorer [info] tx/per day chart: earliest date 2025-09-02 00:00:00Z
2025-09-07T09:16:10.590 application=explorer [info] tx/per day chart: latest date 2025-09-02 23:59:59Z
2025-09-07T09:16:10.596 application=explorer [info] tx/per day chart: min/max block numbers [1, 0]
2025-09-07T09:16:10.599 application=explorer [info] tx/per day chart: num of transactions 0
2025-09-07T09:16:10.601 application=explorer [info] tx/per day chart: total gas used 
2025-09-07T09:16:10.605 application=explorer [info] tx/per day chart: total fee 
2025-09-07T09:16:10.605 application=explorer [info] tx/per day chart: collect records for transactions per day stats
2025-09-07T09:16:10.605 application=explorer [info] tx/per day chart: earliest date 2025-09-03 00:00:00Z
2025-09-07T09:16:10.605 application=explorer [info] tx/per day chart: latest date 2025-09-03 23:59:59Z
2025-09-07T09:16:10.612 application=explorer [info] tx/per day chart: min/max block numbers [1, 0]
2025-09-07T09:16:10.613 application=explorer [info] tx/per day chart: num of transactions 0
2025-09-07T09:16:10.615 application=explorer [info] tx/per day chart: total gas used 
2025-09-07T09:16:10.616 application=explorer [info] tx/per day chart: total fee 
2025-09-07T09:16:10.616 application=explorer [info] tx/per day chart: collect records for transactions per day stats
2025-09-07T09:16:10.616 application=explorer [info] tx/per day chart: earliest date 2025-09-04 00:00:00Z
2025-09-07T09:16:10.616 application=explorer [info] tx/per day chart: latest date 2025-09-04 23:59:59Z
2025-09-07T09:16:10.625 application=explorer [info] tx/per day chart: min/max block numbers [1, 0]
2025-09-07T09:16:10.627 application=explorer [info] tx/per day chart: num of transactions 0
2025-09-07T09:16:10.629 application=explorer [info] tx/per day chart: total gas used 
2025-09-07T09:16:10.630 application=explorer [info] tx/per day chart: total fee 
2025-09-07T09:16:10.630 application=explorer [info] tx/per day chart: collect records for transactions per day stats
2025-09-07T09:16:10.630 application=explorer [info] tx/per day chart: earliest date 2025-09-05 00:00:00Z
2025-09-07T09:16:10.630 application=explorer [info] tx/per day chart: latest date 2025-09-05 23:59:59Z
2025-09-07T09:16:10.638 application=explorer [info] tx/per day chart: min/max block numbers [1, 0]
2025-09-07T09:16:10.641 application=explorer [info] tx/per day chart: num of transactions 0
2025-09-07T09:16:10.643 application=explorer [info] tx/per day chart: total gas used 
2025-09-07T09:16:10.646 application=explorer [info] tx/per day chart: total fee 
2025-09-07T09:16:10.646 application=explorer [info] tx/per day chart: collect records for transactions per day stats
2025-09-07T09:16:10.646 application=explorer [info] tx/per day chart: earliest date 2025-09-06 00:00:00Z
2025-09-07T09:16:10.646 application=explorer [info] tx/per day chart: latest date 2025-09-06 23:59:59Z
2025-09-07T09:16:10.652 application=explorer [info] tx/per day chart: min/max block numbers [1, 0]
2025-09-07T09:16:10.656 application=explorer [info] tx/per day chart: num of transactions 0
2025-09-07T09:16:10.660 application=explorer [info] tx/per day chart: total gas used 
2025-09-07T09:16:10.662 application=explorer [info] tx/per day chart: total fee 
2025-09-07T09:16:10.662 application=explorer [info] tx/per day chart: collect records for transactions per day stats
2025-09-07T09:16:10.662 application=explorer [info] tx/per day chart: records collected [%{date: ~D[2025-09-06], gas_used: nil, number_of_transactions: 0, total_fee: nil}, %{date: ~D[2025-09-05], gas_used: nil, number_of_transactions: 0, total_fee: nil}, %{date: ~D[2025-09-04], gas_used: nil, number_of_transactions: 0, total_fee: nil}, %{date: ~D[2025-09-03], gas_used: nil, number_of_transactions: 0, total_fee: nil}, %{date: ~D[2025-09-02], gas_used: nil, number_of_transactions: 0, total_fee: nil}, %{date: ~D[2025-09-01], gas_used: nil, number_of_transactions: 0, total_fee: nil}, %{date: ~D[2025-08-31], gas_used: nil, number_of_transactions: 0, total_fee: nil}, %{date: ~D[2025-08-30], gas_used: nil, number_of_transactions: 0, total_fee: nil}, %{date: ~D[2025-08-29], gas_used: nil, number_of_transactions: 0, total_fee: nil}]
2025-09-07T09:16:10.662 application=explorer [info] tx/per day chart: save records
2025-09-07T09:16:10.665 application=explorer [info] tx/per day chart: number of inserted 10
2025-09-07T09:16:25.071 application=explorer [info] Fetching chain spec path: nil.
2025-09-07T09:16:25.071 application=explorer [info] Fetching precompiled config path: nil.
2025-09-07T09:16:25.071 application=explorer [warning] Genesis data is not fetched. Neither chain spec path or precompiles config path are set.
2025-09-07T09:35:56.071 application=explorer [info] tx/per day chart: collect records for transactions per day stats
2025-09-07T09:35:56.071 application=explorer [info] tx/per day chart: earliest date 2025-08-29 00:00:00Z
2025-09-07T09:35:56.071 application=explorer [info] tx/per day chart: latest date 2025-08-29 23:59:59Z
2025-09-07T09:35:56.171 application=explorer [info] tx/per day chart: min/max block numbers [1, 0]
2025-09-07T09:35:56.181 application=explorer [info] tx/per day chart: num of transactions 0
2025-09-07T09:35:56.187 application=explorer [info] tx/per day chart: total gas used 
2025-09-07T09:35:56.192 application=explorer [info] tx/per day chart: total fee 
2025-09-07T09:35:56.192 application=explorer [info] tx/per day chart: collect records for transactions per day stats
2025-09-07T09:35:56.192 application=explorer [info] tx/per day chart: earliest date 2025-08-30 00:00:00Z
2025-09-07T09:35:56.192 application=explorer [info] tx/per day chart: latest date 2025-08-30 23:59:59Z
2025-09-07T09:35:56.204 application=explorer [info] tx/per day chart: min/max block numbers [1, 0]
2025-09-07T09:35:56.204 application=explorer [info] tx/per day chart: num of transactions 0
2025-09-07T09:35:56.207 application=explorer [info] tx/per day chart: total gas used 
2025-09-07T09:35:56.209 application=explorer [info] tx/per day chart: total fee 
2025-09-07T09:35:56.209 application=explorer [info] tx/per day chart: collect records for transactions per day stats
2025-09-07T09:35:56.209 application=explorer [info] tx/per day chart: earliest date 2025-08-31 00:00:00Z
2025-09-07T09:35:56.209 application=explorer [info] tx/per day chart: latest date 2025-08-31 23:59:59Z
2025-09-07T09:35:56.215 application=explorer [info] tx/per day chart: min/max block numbers [1, 0]
2025-09-07T09:35:56.218 application=explorer [info] tx/per day chart: num of transactions 0
2025-09-07T09:35:56.220 application=explorer [info] tx/per day chart: total gas used 
2025-09-07T09:35:56.222 application=explorer [info] tx/per day chart: total fee 
2025-09-07T09:35:56.222 application=explorer [info] tx/per day chart: collect records for transactions per day stats
2025-09-07T09:35:56.222 application=explorer [info] tx/per day chart: earliest date 2025-09-01 00:00:00Z
2025-09-07T09:35:56.222 application=explorer [info] tx/per day chart: latest date 2025-09-01 23:59:59Z
2025-09-07T09:35:56.228 application=explorer [info] tx/per day chart: min/max block numbers [1, 0]
2025-09-07T09:35:56.231 application=explorer [info] tx/per day chart: num of transactions 0
2025-09-07T09:35:56.234 application=explorer [info] tx/per day chart: total gas used 
2025-09-07T09:35:56.237 application=explorer [info] tx/per day chart: total fee 
2025-09-07T09:35:56.237 application=explorer [info] tx/per day chart: collect records for transactions per day stats
2025-09-07T09:35:56.237 application=explorer [info] tx/per day chart: earliest date 2025-09-02 00:00:00Z
2025-09-07T09:35:56.237 application=explorer [info] tx/per day chart: latest date 2025-09-02 23:59:59Z
2025-09-07T09:35:56.243 application=explorer [info] tx/per day chart: min/max block numbers [1, 0]
2025-09-07T09:35:56.245 application=explorer [info] tx/per day chart: num of transactions 0
2025-09-07T09:35:56.248 application=explorer [info] tx/per day chart: total gas used 
2025-09-07T09:35:56.251 application=explorer [info] tx/per day chart: total fee 
2025-09-07T09:35:56.251 application=explorer [info] tx/per day chart: collect records for transactions per day stats
2025-09-07T09:35:56.251 application=explorer [info] tx/per day chart: earliest date 2025-09-03 00:00:00Z
2025-09-07T09:35:56.251 application=explorer [info] tx/per day chart: latest date 2025-09-03 23:59:59Z
2025-09-07T09:35:56.256 application=explorer [info] tx/per day chart: min/max block numbers [1, 0]
2025-09-07T09:35:56.258 application=explorer [info] tx/per day chart: num of transactions 0
2025-09-07T09:35:56.260 application=explorer [info] tx/per day chart: total gas used 
2025-09-07T09:35:56.263 application=explorer [info] tx/per day chart: total fee 
2025-09-07T09:35:56.263 application=explorer [info] tx/per day chart: collect records for transactions per day stats
2025-09-07T09:35:56.263 application=explorer [info] tx/per day chart: earliest date 2025-09-04 00:00:00Z
2025-09-07T09:35:56.263 application=explorer [info] tx/per day chart: latest date 2025-09-04 23:59:59Z
2025-09-07T09:35:56.268 application=explorer [info] tx/per day chart: min/max block numbers [1, 0]
2025-09-07T09:35:56.271 application=explorer [info] tx/per day chart: num of transactions 0
2025-09-07T09:35:56.273 application=explorer [info] tx/per day chart: total gas used 
2025-09-07T09:35:56.275 application=explorer [info] tx/per day chart: total fee 
2025-09-07T09:35:56.275 application=explorer [info] tx/per day chart: collect records for transactions per day stats
2025-09-07T09:35:56.275 application=explorer [info] tx/per day chart: earliest date 2025-09-05 00:00:00Z
2025-09-07T09:35:56.275 application=explorer [info] tx/per day chart: latest date 2025-09-05 23:59:59Z
2025-09-07T09:35:56.281 application=explorer [info] tx/per day chart: min/max block numbers [1, 0]
2025-09-07T09:35:56.284 application=explorer [info] tx/per day chart: num of transactions 0
2025-09-07T09:35:56.286 application=explorer [info] tx/per day chart: total gas used 
2025-09-07T09:35:56.288 application=explorer [info] tx/per day chart: total fee 
2025-09-07T09:35:56.288 application=explorer [info] tx/per day chart: collect records for transactions per day stats
2025-09-07T09:35:56.288 application=explorer [info] tx/per day chart: earliest date 2025-09-06 00:00:00Z
2025-09-07T09:35:56.288 application=explorer [info] tx/per day chart: latest date 2025-09-06 23:59:59Z
2025-09-07T09:35:56.294 application=explorer [info] tx/per day chart: min/max block numbers [1, 0]
2025-09-07T09:35:56.296 application=explorer [info] tx/per day chart: num of transactions 0
2025-09-07T09:35:56.298 application=explorer [info] tx/per day chart: total gas used 
2025-09-07T09:35:56.301 application=explorer [info] tx/per day chart: total fee 
2025-09-07T09:35:56.301 application=explorer [info] tx/per day chart: collect records for transactions per day stats
2025-09-07T09:35:56.301 application=explorer [info] tx/per day chart: records collected [%{date: ~D[2025-09-06], gas_used: nil, number_of_transactions: 0, total_fee: nil}, %{date: ~D[2025-09-05], gas_used: nil, number_of_transactions: 0, total_fee: nil}, %{date: ~D[2025-09-04], gas_used: nil, number_of_transactions: 0, total_fee: nil}, %{date: ~D[2025-09-03], gas_used: nil, number_of_transactions: 0, total_fee: nil}, %{date: ~D[2025-09-02], gas_used: nil, number_of_transactions: 0, total_fee: nil}, %{date: ~D[2025-09-01], gas_used: nil, number_of_transactions: 0, total_fee: nil}, %{date: ~D[2025-08-31], gas_used: nil, number_of_transactions: 0, total_fee: nil}, %{date: ~D[2025-08-30], gas_used: nil, number_of_transactions: 0, total_fee: nil}, %{date: ~D[2025-08-29], gas_used: nil, number_of_transactions: 0, total_fee: nil}]
2025-09-07T09:35:56.301 application=explorer [info] tx/per day chart: save records
2025-09-07T09:35:56.302 application=explorer [info] tx/per day chart: number of inserted 10
2025-09-07T09:36:11.068 application=explorer [info] Fetching chain spec path: nil.
2025-09-07T09:36:11.068 application=explorer [info] Fetching precompiled config path: nil.
2025-09-07T09:36:11.068 application=explorer [warning] Genesis data is not fetched. Neither chain spec path or precompiles config path are set.
2025-09-07T09:38:51.218 application=explorer [info] tx/per day chart: collect records for transactions per day stats
2025-09-07T09:38:51.218 application=explorer [info] tx/per day chart: earliest date 2025-08-29 00:00:00Z
2025-09-07T09:38:51.218 application=explorer [info] tx/per day chart: latest date 2025-08-29 23:59:59Z
2025-09-07T09:38:51.316 application=explorer [info] tx/per day chart: min/max block numbers [1, 0]
2025-09-07T09:38:51.322 application=explorer [info] tx/per day chart: num of transactions 0
2025-09-07T09:38:51.327 application=explorer [info] tx/per day chart: total gas used 
2025-09-07T09:38:51.330 application=explorer [info] tx/per day chart: total fee 
2025-09-07T09:38:51.330 application=explorer [info] tx/per day chart: collect records for transactions per day stats
2025-09-07T09:38:51.330 application=explorer [info] tx/per day chart: earliest date 2025-08-30 00:00:00Z
2025-09-07T09:38:51.330 application=explorer [info] tx/per day chart: latest date 2025-08-30 23:59:59Z
2025-09-07T09:38:51.335 application=explorer [info] tx/per day chart: min/max block numbers [1, 0]
2025-09-07T09:38:51.338 application=explorer [info] tx/per day chart: num of transactions 0
2025-09-07T09:38:51.339 application=explorer [info] tx/per day chart: total gas used 
2025-09-07T09:38:51.343 application=explorer [info] tx/per day chart: total fee 
2025-09-07T09:38:51.343 application=explorer [info] tx/per day chart: collect records for transactions per day stats
2025-09-07T09:38:51.343 application=explorer [info] tx/per day chart: earliest date 2025-08-31 00:00:00Z
2025-09-07T09:38:51.343 application=explorer [info] tx/per day chart: latest date 2025-08-31 23:59:59Z
2025-09-07T09:38:51.349 application=explorer [info] tx/per day chart: min/max block numbers [1, 0]
2025-09-07T09:38:51.351 application=explorer [info] tx/per day chart: num of transactions 0
2025-09-07T09:38:51.353 application=explorer [info] tx/per day chart: total gas used 
2025-09-07T09:38:51.356 application=explorer [info] tx/per day chart: total fee 
2025-09-07T09:38:51.356 application=explorer [info] tx/per day chart: collect records for transactions per day stats
2025-09-07T09:38:51.356 application=explorer [info] tx/per day chart: earliest date 2025-09-01 00:00:00Z
2025-09-07T09:38:51.356 application=explorer [info] tx/per day chart: latest date 2025-09-01 23:59:59Z
2025-09-07T09:38:51.363 application=explorer [info] tx/per day chart: min/max block numbers [1, 0]
2025-09-07T09:38:51.365 application=explorer [info] tx/per day chart: num of transactions 0
2025-09-07T09:38:51.367 application=explorer [info] tx/per day chart: total gas used 
2025-09-07T09:38:51.370 application=explorer [info] tx/per day chart: total fee 
2025-09-07T09:38:51.370 application=explorer [info] tx/per day chart: collect records for transactions per day stats
2025-09-07T09:38:51.370 application=explorer [info] tx/per day chart: earliest date 2025-09-02 00:00:00Z
2025-09-07T09:38:51.370 application=explorer [info] tx/per day chart: latest date 2025-09-02 23:59:59Z
2025-09-07T09:38:51.375 application=explorer [info] tx/per day chart: min/max block numbers [1, 0]
2025-09-07T09:38:51.379 application=explorer [info] tx/per day chart: num of transactions 0
2025-09-07T09:38:51.382 application=explorer [info] tx/per day chart: total gas used 
2025-09-07T09:38:51.385 application=explorer [info] tx/per day chart: total fee 
2025-09-07T09:38:51.385 application=explorer [info] tx/per day chart: collect records for transactions per day stats
2025-09-07T09:38:51.385 application=explorer [info] tx/per day chart: earliest date 2025-09-03 00:00:00Z
2025-09-07T09:38:51.385 application=explorer [info] tx/per day chart: latest date 2025-09-03 23:59:59Z
2025-09-07T09:38:51.390 application=explorer [info] tx/per day chart: min/max block numbers [1, 0]
2025-09-07T09:38:51.394 application=explorer [info] tx/per day chart: num of transactions 0
2025-09-07T09:38:51.397 application=explorer [info] tx/per day chart: total gas used 
2025-09-07T09:38:51.401 application=explorer [info] tx/per day chart: total fee 
2025-09-07T09:38:51.401 application=explorer [info] tx/per day chart: collect records for transactions per day stats
2025-09-07T09:38:51.401 application=explorer [info] tx/per day chart: earliest date 2025-09-04 00:00:00Z
2025-09-07T09:38:51.401 application=explorer [info] tx/per day chart: latest date 2025-09-04 23:59:59Z
2025-09-07T09:38:51.406 application=explorer [info] tx/per day chart: min/max block numbers [1, 0]
2025-09-07T09:38:51.409 application=explorer [info] tx/per day chart: num of transactions 0
2025-09-07T09:38:51.412 application=explorer [info] tx/per day chart: total gas used 
2025-09-07T09:38:51.415 application=explorer [info] tx/per day chart: total fee 
2025-09-07T09:38:51.415 application=explorer [info] tx/per day chart: collect records for transactions per day stats
2025-09-07T09:38:51.415 application=explorer [info] tx/per day chart: earliest date 2025-09-05 00:00:00Z
2025-09-07T09:38:51.415 application=explorer [info] tx/per day chart: latest date 2025-09-05 23:59:59Z
2025-09-07T09:38:51.422 application=explorer [info] tx/per day chart: min/max block numbers [1, 0]
2025-09-07T09:38:51.424 application=explorer [info] tx/per day chart: num of transactions 0
2025-09-07T09:38:51.425 application=explorer [info] tx/per day chart: total gas used 
2025-09-07T09:38:51.428 application=explorer [info] tx/per day chart: total fee 
2025-09-07T09:38:51.428 application=explorer [info] tx/per day chart: collect records for transactions per day stats
2025-09-07T09:38:51.428 application=explorer [info] tx/per day chart: earliest date 2025-09-06 00:00:00Z
2025-09-07T09:38:51.428 application=explorer [info] tx/per day chart: latest date 2025-09-06 23:59:59Z
2025-09-07T09:38:51.434 application=explorer [info] tx/per day chart: min/max block numbers [1, 0]
2025-09-07T09:38:51.436 application=explorer [info] tx/per day chart: num of transactions 0
2025-09-07T09:38:51.438 application=explorer [info] tx/per day chart: total gas used 
2025-09-07T09:38:51.441 application=explorer [info] tx/per day chart: total fee 
2025-09-07T09:38:51.441 application=explorer [info] tx/per day chart: collect records for transactions per day stats
2025-09-07T09:38:51.441 application=explorer [info] tx/per day chart: records collected [%{date: ~D[2025-09-06], gas_used: nil, number_of_transactions: 0, total_fee: nil}, %{date: ~D[2025-09-05], gas_used: nil, number_of_transactions: 0, total_fee: nil}, %{date: ~D[2025-09-04], gas_used: nil, number_of_transactions: 0, total_fee: nil}, %{date: ~D[2025-09-03], gas_used: nil, number_of_transactions: 0, total_fee: nil}, %{date: ~D[2025-09-02], gas_used: nil, number_of_transactions: 0, total_fee: nil}, %{date: ~D[2025-09-01], gas_used: nil, number_of_transactions: 0, total_fee: nil}, %{date: ~D[2025-08-31], gas_used: nil, number_of_transactions: 0, total_fee: nil}, %{date: ~D[2025-08-30], gas_used: nil, number_of_transactions: 0, total_fee: nil}, %{date: ~D[2025-08-29], gas_used: nil, number_of_transactions: 0, total_fee: nil}]
2025-09-07T09:38:51.441 application=explorer [info] tx/per day chart: save records
2025-09-07T09:38:51.443 application=explorer [info] tx/per day chart: number of inserted 10
2025-09-07T09:39:06.217 application=explorer [info] Fetching chain spec path: nil.
2025-09-07T09:39:06.217 application=explorer [info] Fetching precompiled config path: nil.
2025-09-07T09:39:06.217 application=explorer [warning] Genesis data is not fetched. Neither chain spec path or precompiles config path are set.
2025-09-08T11:17:52.826 application=explorer [info] tx/per day chart: collect records for transactions per day stats
2025-09-08T11:17:52.827 application=explorer [info] tx/per day chart: earliest date 2025-08-30 00:00:00Z
2025-09-08T11:17:52.827 application=explorer [info] tx/per day chart: latest date 2025-08-30 23:59:59Z
2025-09-08T11:17:52.985 application=explorer [info] tx/per day chart: min/max block numbers [1, 0]
2025-09-08T11:17:52.995 application=explorer [info] tx/per day chart: num of transactions 0
2025-09-08T11:17:53.003 application=explorer [info] tx/per day chart: total gas used 
2025-09-08T11:17:53.007 application=explorer [info] tx/per day chart: total fee 
2025-09-08T11:17:53.007 application=explorer [info] tx/per day chart: collect records for transactions per day stats
2025-09-08T11:17:53.007 application=explorer [info] tx/per day chart: earliest date 2025-08-31 00:00:00Z
2025-09-08T11:17:53.007 application=explorer [info] tx/per day chart: latest date 2025-08-31 23:59:59Z
2025-09-08T11:17:53.012 application=explorer [info] tx/per day chart: min/max block numbers [1, 0]
2025-09-08T11:17:53.015 application=explorer [info] tx/per day chart: num of transactions 0
2025-09-08T11:17:53.018 application=explorer [info] tx/per day chart: total gas used 
2025-09-08T11:17:53.021 application=explorer [info] tx/per day chart: total fee 
2025-09-08T11:17:53.021 application=explorer [info] tx/per day chart: collect records for transactions per day stats
2025-09-08T11:17:53.021 application=explorer [info] tx/per day chart: earliest date 2025-09-01 00:00:00Z
2025-09-08T11:17:53.021 application=explorer [info] tx/per day chart: latest date 2025-09-01 23:59:59Z
2025-09-08T11:17:53.028 application=explorer [info] tx/per day chart: min/max block numbers [1, 0]
2025-09-08T11:17:53.030 application=explorer [info] tx/per day chart: num of transactions 0
2025-09-08T11:17:53.034 application=explorer [info] tx/per day chart: total gas used 
2025-09-08T11:17:53.037 application=explorer [info] tx/per day chart: total fee 
2025-09-08T11:17:53.037 application=explorer [info] tx/per day chart: collect records for transactions per day stats
2025-09-08T11:17:53.037 application=explorer [info] tx/per day chart: earliest date 2025-09-02 00:00:00Z
2025-09-08T11:17:53.037 application=explorer [info] tx/per day chart: latest date 2025-09-02 23:59:59Z
2025-09-08T11:17:53.044 application=explorer [info] tx/per day chart: min/max block numbers [1, 0]
2025-09-08T11:17:53.047 application=explorer [info] tx/per day chart: num of transactions 0
2025-09-08T11:17:53.049 application=explorer [info] tx/per day chart: total gas used 
2025-09-08T11:17:53.053 application=explorer [info] tx/per day chart: total fee 
2025-09-08T11:17:53.053 application=explorer [info] tx/per day chart: collect records for transactions per day stats
2025-09-08T11:17:53.054 application=explorer [info] tx/per day chart: earliest date 2025-09-03 00:00:00Z
2025-09-08T11:17:53.054 application=explorer [info] tx/per day chart: latest date 2025-09-03 23:59:59Z
2025-09-08T11:17:53.060 application=explorer [info] tx/per day chart: min/max block numbers [1, 0]
2025-09-08T11:17:53.063 application=explorer [info] tx/per day chart: num of transactions 0
2025-09-08T11:17:53.065 application=explorer [info] tx/per day chart: total gas used 
2025-09-08T11:17:53.066 application=explorer [info] tx/per day chart: total fee 
2025-09-08T11:17:53.066 application=explorer [info] tx/per day chart: collect records for transactions per day stats
2025-09-08T11:17:53.066 application=explorer [info] tx/per day chart: earliest date 2025-09-04 00:00:00Z
2025-09-08T11:17:53.066 application=explorer [info] tx/per day chart: latest date 2025-09-04 23:59:59Z
2025-09-08T11:17:53.073 application=explorer [info] tx/per day chart: min/max block numbers [1, 0]
2025-09-08T11:17:53.073 application=explorer [info] tx/per day chart: num of transactions 0
2025-09-08T11:17:53.076 application=explorer [info] tx/per day chart: total gas used 
2025-09-08T11:17:53.079 application=explorer [info] tx/per day chart: total fee 
2025-09-08T11:17:53.079 application=explorer [info] tx/per day chart: collect records for transactions per day stats
2025-09-08T11:17:53.079 application=explorer [info] tx/per day chart: earliest date 2025-09-05 00:00:00Z
2025-09-08T11:17:53.079 application=explorer [info] tx/per day chart: latest date 2025-09-05 23:59:59Z
2025-09-08T11:17:53.087 application=explorer [info] tx/per day chart: min/max block numbers [1, 0]
2025-09-08T11:17:53.088 application=explorer [info] tx/per day chart: num of transactions 0
2025-09-08T11:17:53.091 application=explorer [info] tx/per day chart: total gas used 
2025-09-08T11:17:53.092 application=explorer [info] tx/per day chart: total fee 
2025-09-08T11:17:53.092 application=explorer [info] tx/per day chart: collect records for transactions per day stats
2025-09-08T11:17:53.092 application=explorer [info] tx/per day chart: earliest date 2025-09-06 00:00:00Z
2025-09-08T11:17:53.092 application=explorer [info] tx/per day chart: latest date 2025-09-06 23:59:59Z
2025-09-08T11:17:53.099 application=explorer [info] tx/per day chart: min/max block numbers [1, 0]
2025-09-08T11:17:53.102 application=explorer [info] tx/per day chart: num of transactions 0
2025-09-08T11:17:53.104 application=explorer [info] tx/per day chart: total gas used 
2025-09-08T11:17:53.107 application=explorer [info] tx/per day chart: total fee 
2025-09-08T11:17:53.107 application=explorer [info] tx/per day chart: collect records for transactions per day stats
2025-09-08T11:17:53.107 application=explorer [info] tx/per day chart: earliest date 2025-09-07 00:00:00Z
2025-09-08T11:17:53.107 application=explorer [info] tx/per day chart: latest date 2025-09-07 23:59:59Z
2025-09-08T11:17:53.114 application=explorer [info] tx/per day chart: min/max block numbers [1, 8]
2025-09-08T11:17:53.116 application=explorer [info] tx/per day chart: num of transactions 12
2025-09-08T11:17:53.120 application=explorer [info] tx/per day chart: total gas used 6687434
2025-09-08T11:17:53.123 application=explorer [info] tx/per day chart: total fee 4362522667042496
2025-09-08T11:17:53.123 application=explorer [info] tx/per day chart: collect records for transactions per day stats
2025-09-08T11:17:53.123 application=explorer [info] tx/per day chart: records collected [%{date: ~D[2025-09-07], gas_used: Decimal.new("6687434"), number_of_transactions: 12, total_fee: Decimal.new("4362522667042496")}, %{date: ~D[2025-09-06], gas_used: nil, number_of_transactions: 0, total_fee: nil}, %{date: ~D[2025-09-05], gas_used: nil, number_of_transactions: 0, total_fee: nil}, %{date: ~D[2025-09-04], gas_used: nil, number_of_transactions: 0, total_fee: nil}, %{date: ~D[2025-09-03], gas_used: nil, number_of_transactions: 0, total_fee: nil}, %{date: ~D[2025-09-02], gas_used: nil, number_of_transactions: 0, total_fee: nil}, %{date: ~D[2025-09-01], gas_used: nil, number_of_transactions: 0, total_fee: nil}, %{date: ~D[2025-08-31], gas_used: nil, number_of_transactions: 0, total_fee: nil}, %{date: ~D[2025-08-30], gas_used: nil, number_of_transactions: 0, total_fee: nil}]
2025-09-08T11:17:53.123 application=explorer [info] tx/per day chart: save records
2025-09-08T11:17:53.127 application=explorer [info] tx/per day chart: number of inserted 10
2025-09-08T11:18:07.820 application=explorer [info] Fetching chain spec path: nil.
2025-09-08T11:18:07.820 application=explorer [info] Fetching precompiled config path: nil.
2025-09-08T11:18:07.820 application=explorer [warning] Genesis data is not fetched. Neither chain spec path or precompiles config path are set.
2025-09-08T11:19:39.353 application=explorer [info] tx/per day chart: collect records for transactions per day stats
2025-09-08T11:19:39.353 application=explorer [info] tx/per day chart: earliest date 2025-08-30 00:00:00Z
2025-09-08T11:19:39.353 application=explorer [info] tx/per day chart: latest date 2025-08-30 23:59:59Z
2025-09-08T11:19:39.468 application=explorer [info] tx/per day chart: min/max block numbers [1, 0]
2025-09-08T11:19:39.475 application=explorer [info] tx/per day chart: num of transactions 0
2025-09-08T11:19:39.481 application=explorer [info] tx/per day chart: total gas used 
2025-09-08T11:19:39.485 application=explorer [info] tx/per day chart: total fee 
2025-09-08T11:19:39.485 application=explorer [info] tx/per day chart: collect records for transactions per day stats
2025-09-08T11:19:39.485 application=explorer [info] tx/per day chart: earliest date 2025-08-31 00:00:00Z
2025-09-08T11:19:39.485 application=explorer [info] tx/per day chart: latest date 2025-08-31 23:59:59Z
2025-09-08T11:19:39.492 application=explorer [info] tx/per day chart: min/max block numbers [1, 0]
2025-09-08T11:19:39.494 application=explorer [info] tx/per day chart: num of transactions 0
2025-09-08T11:19:39.494 application=explorer [info] tx/per day chart: total gas used 
2025-09-08T11:19:39.496 application=explorer [info] tx/per day chart: total fee 
2025-09-08T11:19:39.496 application=explorer [info] tx/per day chart: collect records for transactions per day stats
2025-09-08T11:19:39.497 application=explorer [info] tx/per day chart: earliest date 2025-09-01 00:00:00Z
2025-09-08T11:19:39.497 application=explorer [info] tx/per day chart: latest date 2025-09-01 23:59:59Z
2025-09-08T11:19:39.502 application=explorer [info] tx/per day chart: min/max block numbers [1, 0]
2025-09-08T11:19:39.504 application=explorer [info] tx/per day chart: num of transactions 0
2025-09-08T11:19:39.507 application=explorer [info] tx/per day chart: total gas used 
2025-09-08T11:19:39.510 application=explorer [info] tx/per day chart: total fee 
2025-09-08T11:19:39.510 application=explorer [info] tx/per day chart: collect records for transactions per day stats
2025-09-08T11:19:39.510 application=explorer [info] tx/per day chart: earliest date 2025-09-02 00:00:00Z
2025-09-08T11:19:39.510 application=explorer [info] tx/per day chart: latest date 2025-09-02 23:59:59Z
2025-09-08T11:19:39.515 application=explorer [info] tx/per day chart: min/max block numbers [1, 0]
2025-09-08T11:19:39.518 application=explorer [info] tx/per day chart: num of transactions 0
2025-09-08T11:19:39.521 application=explorer [info] tx/per day chart: total gas used 
2025-09-08T11:19:39.524 application=explorer [info] tx/per day chart: total fee 
2025-09-08T11:19:39.524 application=explorer [info] tx/per day chart: collect records for transactions per day stats
2025-09-08T11:19:39.524 application=explorer [info] tx/per day chart: earliest date 2025-09-03 00:00:00Z
2025-09-08T11:19:39.524 application=explorer [info] tx/per day chart: latest date 2025-09-03 23:59:59Z
2025-09-08T11:19:39.531 application=explorer [info] tx/per day chart: min/max block numbers [1, 0]
2025-09-08T11:19:39.533 application=explorer [info] tx/per day chart: num of transactions 0
2025-09-08T11:19:39.536 application=explorer [info] tx/per day chart: total gas used 
2025-09-08T11:19:39.538 application=explorer [info] tx/per day chart: total fee 
2025-09-08T11:19:39.538 application=explorer [info] tx/per day chart: collect records for transactions per day stats
2025-09-08T11:19:39.538 application=explorer [info] tx/per day chart: earliest date 2025-09-04 00:00:00Z
2025-09-08T11:19:39.538 application=explorer [info] tx/per day chart: latest date 2025-09-04 23:59:59Z
2025-09-08T11:19:39.545 application=explorer [info] tx/per day chart: min/max block numbers [1, 0]
2025-09-08T11:19:39.548 application=explorer [info] tx/per day chart: num of transactions 0
2025-09-08T11:19:39.551 application=explorer [info] tx/per day chart: total gas used 
2025-09-08T11:19:39.555 application=explorer [info] tx/per day chart: total fee 
2025-09-08T11:19:39.555 application=explorer [info] tx/per day chart: collect records for transactions per day stats
2025-09-08T11:19:39.555 application=explorer [info] tx/per day chart: earliest date 2025-09-05 00:00:00Z
2025-09-08T11:19:39.555 application=explorer [info] tx/per day chart: latest date 2025-09-05 23:59:59Z
2025-09-08T11:19:39.565 application=explorer [info] tx/per day chart: min/max block numbers [1, 0]
2025-09-08T11:19:39.568 application=explorer [info] tx/per day chart: num of transactions 0
2025-09-08T11:19:39.584 application=explorer [info] tx/per day chart: total gas used 
2025-09-08T11:19:39.587 application=explorer [info] tx/per day chart: total fee 
2025-09-08T11:19:39.587 application=explorer [info] tx/per day chart: collect records for transactions per day stats
2025-09-08T11:19:39.587 application=explorer [info] tx/per day chart: earliest date 2025-09-06 00:00:00Z
2025-09-08T11:19:39.587 application=explorer [info] tx/per day chart: latest date 2025-09-06 23:59:59Z
2025-09-08T11:19:39.594 application=explorer [info] tx/per day chart: min/max block numbers [1, 0]
2025-09-08T11:19:39.597 application=explorer [info] tx/per day chart: num of transactions 0
2025-09-08T11:19:39.601 application=explorer [info] tx/per day chart: total gas used 
2025-09-08T11:19:39.606 application=explorer [info] tx/per day chart: total fee 
2025-09-08T11:19:39.606 application=explorer [info] tx/per day chart: collect records for transactions per day stats
2025-09-08T11:19:39.606 application=explorer [info] tx/per day chart: earliest date 2025-09-07 00:00:00Z
2025-09-08T11:19:39.606 application=explorer [info] tx/per day chart: latest date 2025-09-07 23:59:59Z
2025-09-08T11:19:39.614 application=explorer [info] tx/per day chart: min/max block numbers [1, 8]
2025-09-08T11:19:39.618 application=explorer [info] tx/per day chart: num of transactions 12
2025-09-08T11:19:39.621 application=explorer [info] tx/per day chart: total gas used 6687434
2025-09-08T11:19:39.623 application=explorer [info] tx/per day chart: total fee 4362522667042496
2025-09-08T11:19:39.623 application=explorer [info] tx/per day chart: collect records for transactions per day stats
2025-09-08T11:19:39.624 application=explorer [info] tx/per day chart: records collected [%{date: ~D[2025-09-07], gas_used: Decimal.new("6687434"), number_of_transactions: 12, total_fee: Decimal.new("4362522667042496")}, %{date: ~D[2025-09-06], gas_used: nil, number_of_transactions: 0, total_fee: nil}, %{date: ~D[2025-09-05], gas_used: nil, number_of_transactions: 0, total_fee: nil}, %{date: ~D[2025-09-04], gas_used: nil, number_of_transactions: 0, total_fee: nil}, %{date: ~D[2025-09-03], gas_used: nil, number_of_transactions: 0, total_fee: nil}, %{date: ~D[2025-09-02], gas_used: nil, number_of_transactions: 0, total_fee: nil}, %{date: ~D[2025-09-01], gas_used: nil, number_of_transactions: 0, total_fee: nil}, %{date: ~D[2025-08-31], gas_used: nil, number_of_transactions: 0, total_fee: nil}, %{date: ~D[2025-08-30], gas_used: nil, number_of_transactions: 0, total_fee: nil}]
2025-09-08T11:19:39.624 application=explorer [info] tx/per day chart: save records
2025-09-08T11:19:39.626 application=explorer [info] tx/per day chart: number of inserted 10
2025-09-08T11:19:54.346 application=explorer [info] Fetching chain spec path: nil.
2025-09-08T11:19:54.346 application=explorer [info] Fetching precompiled config path: nil.
2025-09-08T11:19:54.346 application=explorer [warning] Genesis data is not fetched. Neither chain spec path or precompiles config path are set.
2025-09-08T11:21:52.244 application=explorer [info] tx/per day chart: collect records for transactions per day stats
2025-09-08T11:21:52.244 application=explorer [info] tx/per day chart: earliest date 2025-08-30 00:00:00Z
2025-09-08T11:21:52.245 application=explorer [info] tx/per day chart: latest date 2025-08-30 23:59:59Z
2025-09-08T11:21:52.415 application=explorer [info] tx/per day chart: min/max block numbers [1, 0]
2025-09-08T11:21:52.427 application=explorer [info] tx/per day chart: num of transactions 0
2025-09-08T11:21:52.434 application=explorer [info] tx/per day chart: total gas used 
2025-09-08T11:21:52.438 application=explorer [info] tx/per day chart: total fee 
2025-09-08T11:21:52.438 application=explorer [info] tx/per day chart: collect records for transactions per day stats
2025-09-08T11:21:52.438 application=explorer [info] tx/per day chart: earliest date 2025-08-31 00:00:00Z
2025-09-08T11:21:52.438 application=explorer [info] tx/per day chart: latest date 2025-08-31 23:59:59Z
2025-09-08T11:21:52.447 application=explorer [info] tx/per day chart: min/max block numbers [1, 0]
2025-09-08T11:21:52.451 application=explorer [info] tx/per day chart: num of transactions 0
2025-09-08T11:21:52.454 application=explorer [info] tx/per day chart: total gas used 
2025-09-08T11:21:52.457 application=explorer [info] tx/per day chart: total fee 
2025-09-08T11:21:52.457 application=explorer [info] tx/per day chart: collect records for transactions per day stats
2025-09-08T11:21:52.457 application=explorer [info] tx/per day chart: earliest date 2025-09-01 00:00:00Z
2025-09-08T11:21:52.457 application=explorer [info] tx/per day chart: latest date 2025-09-01 23:59:59Z
2025-09-08T11:21:52.467 application=explorer [info] tx/per day chart: min/max block numbers [1, 0]
2025-09-08T11:21:52.471 application=explorer [info] tx/per day chart: num of transactions 0
2025-09-08T11:21:52.474 application=explorer [info] tx/per day chart: total gas used 
2025-09-08T11:21:52.480 application=explorer [info] tx/per day chart: total fee 
2025-09-08T11:21:52.480 application=explorer [info] tx/per day chart: collect records for transactions per day stats
2025-09-08T11:21:52.480 application=explorer [info] tx/per day chart: earliest date 2025-09-02 00:00:00Z
2025-09-08T11:21:52.480 application=explorer [info] tx/per day chart: latest date 2025-09-02 23:59:59Z
2025-09-08T11:21:52.488 application=explorer [info] tx/per day chart: min/max block numbers [1, 0]
2025-09-08T11:21:52.491 application=explorer [info] tx/per day chart: num of transactions 0
2025-09-08T11:21:52.494 application=explorer [info] tx/per day chart: total gas used 
2025-09-08T11:21:52.499 application=explorer [info] tx/per day chart: total fee 
2025-09-08T11:21:52.499 application=explorer [info] tx/per day chart: collect records for transactions per day stats
2025-09-08T11:21:52.499 application=explorer [info] tx/per day chart: earliest date 2025-09-03 00:00:00Z
2025-09-08T11:21:52.499 application=explorer [info] tx/per day chart: latest date 2025-09-03 23:59:59Z
2025-09-08T11:21:52.503 application=explorer [info] tx/per day chart: min/max block numbers [1, 0]
2025-09-08T11:21:52.506 application=explorer [info] tx/per day chart: num of transactions 0
2025-09-08T11:21:52.509 application=explorer [info] tx/per day chart: total gas used 
2025-09-08T11:21:52.512 application=explorer [info] tx/per day chart: total fee 
2025-09-08T11:21:52.512 application=explorer [info] tx/per day chart: collect records for transactions per day stats
2025-09-08T11:21:52.512 application=explorer [info] tx/per day chart: earliest date 2025-09-04 00:00:00Z
2025-09-08T11:21:52.512 application=explorer [info] tx/per day chart: latest date 2025-09-04 23:59:59Z
2025-09-08T11:21:52.520 application=explorer [info] tx/per day chart: min/max block numbers [1, 0]
2025-09-08T11:21:52.523 application=explorer [info] tx/per day chart: num of transactions 0
2025-09-08T11:21:52.524 application=explorer [info] tx/per day chart: total gas used 
2025-09-08T11:21:52.527 application=explorer [info] tx/per day chart: total fee 
2025-09-08T11:21:52.527 application=explorer [info] tx/per day chart: collect records for transactions per day stats
2025-09-08T11:21:52.527 application=explorer [info] tx/per day chart: earliest date 2025-09-05 00:00:00Z
2025-09-08T11:21:52.527 application=explorer [info] tx/per day chart: latest date 2025-09-05 23:59:59Z
2025-09-08T11:21:52.534 application=explorer [info] tx/per day chart: min/max block numbers [1, 0]
2025-09-08T11:21:52.537 application=explorer [info] tx/per day chart: num of transactions 0
2025-09-08T11:21:52.540 application=explorer [info] tx/per day chart: total gas used 
2025-09-08T11:21:52.543 application=explorer [info] tx/per day chart: total fee 
2025-09-08T11:21:52.543 application=explorer [info] tx/per day chart: collect records for transactions per day stats
2025-09-08T11:21:52.543 application=explorer [info] tx/per day chart: earliest date 2025-09-06 00:00:00Z
2025-09-08T11:21:52.543 application=explorer [info] tx/per day chart: latest date 2025-09-06 23:59:59Z
2025-09-08T11:21:52.553 application=explorer [info] tx/per day chart: min/max block numbers [1, 0]
2025-09-08T11:21:52.555 application=explorer [info] tx/per day chart: num of transactions 0
2025-09-08T11:21:52.558 application=explorer [info] tx/per day chart: total gas used 
2025-09-08T11:21:52.559 application=explorer [info] tx/per day chart: total fee 
2025-09-08T11:21:52.559 application=explorer [info] tx/per day chart: collect records for transactions per day stats
2025-09-08T11:21:52.559 application=explorer [info] tx/per day chart: earliest date 2025-09-07 00:00:00Z
2025-09-08T11:21:52.559 application=explorer [info] tx/per day chart: latest date 2025-09-07 23:59:59Z
2025-09-08T11:21:52.567 application=explorer [info] tx/per day chart: min/max block numbers [1, 8]
2025-09-08T11:21:52.570 application=explorer [info] tx/per day chart: num of transactions 12
2025-09-08T11:21:52.572 application=explorer [info] tx/per day chart: total gas used 6687434
2025-09-08T11:21:52.575 application=explorer [info] tx/per day chart: total fee 4362522667042496
2025-09-08T11:21:52.575 application=explorer [info] tx/per day chart: collect records for transactions per day stats
2025-09-08T11:21:52.575 application=explorer [info] tx/per day chart: records collected [%{date: ~D[2025-09-07], gas_used: Decimal.new("6687434"), number_of_transactions: 12, total_fee: Decimal.new("4362522667042496")}, %{date: ~D[2025-09-06], gas_used: nil, number_of_transactions: 0, total_fee: nil}, %{date: ~D[2025-09-05], gas_used: nil, number_of_transactions: 0, total_fee: nil}, %{date: ~D[2025-09-04], gas_used: nil, number_of_transactions: 0, total_fee: nil}, %{date: ~D[2025-09-03], gas_used: nil, number_of_transactions: 0, total_fee: nil}, %{date: ~D[2025-09-02], gas_used: nil, number_of_transactions: 0, total_fee: nil}, %{date: ~D[2025-09-01], gas_used: nil, number_of_transactions: 0, total_fee: nil}, %{date: ~D[2025-08-31], gas_used: nil, number_of_transactions: 0, total_fee: nil}, %{date: ~D[2025-08-30], gas_used: nil, number_of_transactions: 0, total_fee: nil}]
2025-09-08T11:21:52.575 application=explorer [info] tx/per day chart: save records
2025-09-08T11:21:52.577 application=explorer [info] tx/per day chart: number of inserted 10
2025-09-08T11:22:07.242 application=explorer [info] Fetching chain spec path: nil.
2025-09-08T11:22:07.242 application=explorer [info] Fetching precompiled config path: nil.
2025-09-08T11:22:07.242 application=explorer [warning] Genesis data is not fetched. Neither chain spec path or precompiles config path are set.
2025-09-08T12:12:31.714 application=explorer [info] Time consumed for token_transfers counter task for 0x1935ffcacd538c16f4ace9747795b8a42bcc644c is 1ms
2025-09-08T12:12:31.714 application=explorer [info] Time consumed for transactions_from_count_task for 0x1935ffcacd538c16f4ace9747795b8a42bcc644c is 4ms
2025-09-08T12:12:31.714 application=explorer [info] Time consumed for transactions_created_contract_count_task for 0x1935ffcacd538c16f4ace9747795b8a42bcc644c is 4ms
2025-09-08T12:12:31.714 application=explorer [info] Time consumed for validations counter task for 0x1935ffcacd538c16f4ace9747795b8a42bcc644c is 4ms
2025-09-08T12:12:31.715 application=explorer [info] Time consumed for transactions_to_count_task for 0x1935ffcacd538c16f4ace9747795b8a42bcc644c is 5ms
2025-09-08T12:12:31.721 application=explorer [info] Time consumed for withdrawals counter task for 0x1935ffcacd538c16f4ace9747795b8a42bcc644c is 10ms
2025-09-08T12:12:31.725 application=explorer [info] Time consumed for token_balances counter task for 0x1935ffcacd538c16f4ace9747795b8a42bcc644c is 14ms
2025-09-08T12:12:31.727 application=explorer [info] Time consumed for logs counter task for 0x1935ffcacd538c16f4ace9747795b8a42bcc644c is 17ms
2025-09-08T12:12:31.729 application=explorer [info] Time consumed for internal_transactions counter task for 0x1935ffcacd538c16f4ace9747795b8a42bcc644c is 18ms
2025-09-08T15:08:23.419 application=explorer request_id=GGNXJj8yxvwbtfUABiYG [error] Error while sending request to sig-provider url: http://sig-provider:8050/api/v1/abi/function?txInput=0x0b1f5ef300000000000000000000000000000000000000000000d3c21bcecceda10000000000000000000000000000001e09aef5044a7b24cc0e79d12c9cca1bc0766188: :timeout
2025-09-09T05:11:58.857 application=explorer [info] tx/per day chart: collect records for transactions per day stats
2025-09-09T05:11:58.857 application=explorer [info] tx/per day chart: earliest date 2025-09-08 00:00:00Z
2025-09-09T05:11:58.857 application=explorer [info] tx/per day chart: latest date 2025-09-08 23:59:59Z
2025-09-09T05:11:58.864 application=explorer [info] tx/per day chart: min/max block numbers [9, 8]
2025-09-09T05:11:58.865 application=explorer [info] tx/per day chart: num of transactions 0
2025-09-09T05:11:58.867 application=explorer [info] tx/per day chart: total gas used 
2025-09-09T05:11:58.868 application=explorer [info] tx/per day chart: total fee 
2025-09-09T05:11:58.869 application=explorer [info] tx/per day chart: collect records for transactions per day stats
2025-09-09T05:11:58.869 application=explorer [info] tx/per day chart: records collected [%{date: ~D[2025-09-08], gas_used: nil, number_of_transactions: 0, total_fee: nil}]
2025-09-09T05:11:58.869 application=explorer [info] tx/per day chart: save records
2025-09-09T05:11:58.872 application=explorer [info] tx/per day chart: number of inserted 2
